---
title: Some links, autolink all
---

Some links:

* https://www.bibo.com
* [mailto--](mailto://frog@insect.com)
* [titled linK](https://www.gollum.test)

Here is some other portion of a text containing a link [mailto--](mailto://frog@insect.com) that will also be altered.
