---
title: Make sure longer terms won't be "shadowed" by shorter ones
---

[Spring Boot](https://spring.io/projects/spring-boot) is an awesome framework based on [Spring](https://spring.io/) and everything can be done in [Java](https://www.java.com/de/).
