---
title: Some links, case insensitive
---

Some links:

* https://www.bibo.com
* [mailto--](mailto://frog@insect.com)
* [titled linK](https://www.gollum.test)
