---
title: With some text
---

With some basic text
